1:3000150	T	T	T
1:3000151	-	T	T
2:3000150	T	T	T
2:3000151	-	T	T
3:3000150	T	T	T
3:3000151	-	T	T
4:3000150	T	T	T
4:3000151	-	T	T
