z	2	5	^!A^!A^!A^!*^!*
z	3	5	GGG*+2(AA)*+2(*A)
z	4	5	CCCCC
z	5	5	TTTTT
z	6	5	TTTTT
z	7	5	AAAAA
z	8	5	G-2()G-2()G-2()GG
z	9	5	***CC
z	10	5	*+2(TT)*+2(TT)$*+2(*T)$AA
z	11	3	GGG
z	12	3	GG$G$
z	13	1	C$
