z	2	3	^!A^!A^!A
z	3	3	GGG
z	4	5	CCC^!*^!*
z	5	5	TTT**
z	6	5	TTTTT
z	7	5	AAAAA
z	8	5	G+2(TT)-2()G+2(TT)-2()G+2(T*)-2()GG
z	9	5	***CC
z	10	5	**$*$AA
z	11	3	GGG
z	12	3	GG$G$
z	13	1	C$
