z	2	3	^!A^!A^!A
z	3	3	GGG
z	4	3	CCC
z	5	3	TT+3(CCC)T
z	6	3	TTT
z	7	3	AAA
z	8	3	GGG
z	9	3	CCC
z	10	3	AAA
z	11	3	GGG
z	12	3	G$G$G+2(=A)$
