z	1	6	^!T^!T^!T^!T^!T^!T
z	2	6	AAAAAA
z	3	6	GGGGGG
z	4	6	C+2(AA)-5()C+2(A*)-5()C+2(*A)-5()C+2(AA)C+2(A*)C+2(*A)
z	5	6	***>>>
z	6	6	***>>>
z	7	6	***>>>
z	8	6	***>>>
z	9	6	*+2(TT)*+2(*T)*+2(T*)>+2(TT)>+2(*T)>+2(T*)
z	10	6	AAAAAA
z	11	6	GGGGGG
z	12	6	GGGGGG
z	13	6	T$T$T$T$T$T$
