z	2	5	^!A^!A^!A^!A^!A
z	3	5	GGGGG
z	4	5	CCCCC
z	5	5	TTTTT
z	6	5	TT+4(GGCC)T+4(GG**)T+4(*GC*)T+4(**CC)
z	7	5	AAAAA
z	8	5	GGGGG
z	9	5	CCCCC
z	10	5	AAAAA
z	11	5	G$G$G$G$G$
