2	1	1	^]T
2	2	1	G
2	3	1	G
2	4	1	A
2	5	1	G
2	6	1	A
2	7	1	G
2	8	1	C
2	9	1	A
2	10	1	C
2	11	1	A
2	12	1	T
2	13	1	A
2	14	1	A
2	15	1	C
2	16	1	T
2	17	1	T
2	18	1	G
2	19	1	G
2	20	1	G
2	21	1	T
2	22	1	G
2	23	1	A
2	24	1	G
2	25	1	A
2	26	1	T
2	27	1	G
2	28	1	A
2	29	1	T
2	30	1	G
2	31	2	A^]A
2	32	2	AA
2	33	2	AA
2	34	2	TT
2	35	2	GG
2	36	2	AA
2	37	2	GG
2	38	2	CC
2	39	2	AA
2	40	2	CC
2	41	2	TT
2	42	2	GG
2	43	2	GG
2	44	2	CC
2	45	2	TT
2	46	2	TT
2	47	2	TT
2	48	2	GG
2	49	2	GG
2	50	2	AA
2	51	2	GG
2	52	2	TT
2	53	2	CC
2	54	2	AA
2	55	2	CC
2	56	2	AA
2	57	2	CC
2	58	2	AA
2	59	2	GG
2	60	2	AA
2	61	2	CC
2	62	2	CC
2	63	2	AA
2	64	3	GG^]g
2	65	3	GGg
2	66	3	GGg
2	67	4	TTt^]t
2	68	4	CCcc
2	69	4	CCcc
2	70	4	AAaa
2	71	4	GGgg
2	72	4	GGgg
2	73	4	CCcc
2	74	4	GGgg
2	75	4	C$Ccc
2	76	3	Ccc
2	77	3	Ttt
2	78	3	Agg
2	79	3	Ttt
2	80	3	Aat
2	81	3	Ccc
2	82	3	Ccc
2	83	3	Aaa
2	84	3	Ttt
2	85	3	Aaa
2	86	3	Aaa
2	87	3	Ccc
2	88	3	Acc
2	89	3	Ccc
2	90	3	Ttt
2	91	3	Ccc
2	92	3	Tgt
2	93	3	Aaa
2	94	3	Ggg
2	95	3	Ttt
2	96	3	Ggg
2	97	3	Ggg
2	98	3	Ttt
2	99	3	Ggg
2	100	3	Ttt
2	101	3	Ggg
2	102	3	Ggg
2	103	3	Ccc
2	104	3	Ggg
2	105	3	G$gg
2	106	2	aa
2	107	2	aa
2	108	2	cc
2	109	2	cc
2	110	2	tt
2	111	2	cc
2	112	2	tt
2	113	2	cc
2	114	2	aa
2	115	2	gg
2	116	2	aa
2	117	2	cc
2	118	2	cc
2	119	2	tt
2	120	2	cc
2	121	2	cc
2	122	2	cc
2	123	2	aa
2	124	2	gg
2	125	2	cc
2	126	2	cc
2	127	2	aa
2	128	2	gg
2	129	2	aa
2	130	2	aa
2	131	2	aa
2	132	2	gg
2	133	2	gg
2	134	2	ag
2	135	2	aa
2	136	2	tt
2	137	2	cc
2	138	2	t$t$
2	495	1	^Ft
2	496	1	t
2	497	1	t
2	498	1	g
2	499	1	g
2	500	1	c
2	501	1	a
2	502	1	a
2	503	1	t
2	504	1	t
2	505	1	t
2	506	1	a
2	507	1	c
2	508	1	a
2	509	1	c
2	510	1	t
2	511	1	g
2	512	1	t
2	513	1	g
2	514	1	t
2	515	1	t
2	516	1	a
2	517	1	t
2	518	1	a
2	519	1	g
2	520	1	c
2	521	1	a
2	522	1	a
2	523	1	t
2	524	1	a
2	525	1	t
2	526	1	a
2	527	1	g
2	528	1	t
2	529	1	g
2	530	1	a
2	531	1	a
2	532	1	a
2	533	1	a
2	534	1	g
2	535	1	g
2	536	1	g
2	537	1	t
2	538	1	g
2	539	1	a
2	540	1	t
2	541	1	c
2	542	1	a
2	543	1	t
2	544	1	t
2	545	1	a
2	546	1	c
2	547	1	c
2	548	1	t
2	549	1	c
2	550	1	a
2	551	1	a
2	552	1	g
2	553	1	a
2	554	1	c
2	555	1	t
2	556	1	g
2	557	1	t
2	558	1	t
2	559	1	c
2	560	1	a
2	561	1	c
2	562	1	a
2	563	1	a
2	564	1	a
2	565	1	c
2	566	1	a
2	567	1	c
2	568	1	a
2	569	1	t$
2	648	1	^gA
2	649	1	C
2	650	1	G
2	651	1	C
2	652	1	A
2	653	1	C
2	654	1	C
2	655	1	C
2	656	1	T
2	657	1	C
2	658	1	T
2	659	1	A
2	660	1	T
2	661	1	C
2	662	1	C
2	663	1	C
2	664	1	C
2	665	1	A
2	666	1	C
2	667	1	A
2	668	1	T
2	669	1	A
2	670	1	A
2	671	1	A
2	672	1	T
2	673	1	C
2	674	1	T
2	675	1	A
2	676	1	T
2	677	1	A
2	678	1	C
2	679	1	A
2	680	1	A
2	681	1	C
2	682	2	A^>a
2	683	2	Cc
2	684	2	Tt
2	685	2	Cc
2	686	2	Aa
2	687	2	Cc
2	688	2	Cc
2	689	2	Cc
2	690	2	Tt
2	691	2	Cc
2	692	2	Tt
2	693	2	Aa
2	694	2	Cc
2	695	2	Aa
2	696	2	Cc
2	697	2	Cc
2	698	2	Cc
2	699	2	Aa
2	700	2	Cc
2	701	2	Aa
2	702	2	Tt
2	703	2	Aa
2	704	2	Cc
2	705	2	Aa
2	706	2	Tt
2	707	2	Cc
2	708	2	Tt
2	709	2	Aa
2	710	2	Tt
2	711	2	Aa
2	712	2	Cc
2	713	2	Aa
2	714	2	Aa
2	715	2	Cc
2	716	2	Aa
2	717	2	Cc
2	718	2	Gg
2	719	2	C$c
2	720	1	a
2	721	1	c
2	722	1	c
2	723	1	c
2	724	1	t
2	725	1	c
2	726	1	t
2	727	1	a
2	728	1	c
2	729	1	c
2	730	1	c
2	731	1	c
2	732	1	a
2	733	1	c
2	734	1	a
2	735	1	t
2	736	1	a
2	737	1	c
2	738	1	g
2	739	1	t
2	740	1	c
2	741	1	t
2	742	1	a
2	743	1	c
2	744	1	a
2	745	1	c
2	746	1	a
2	747	1	a
2	748	1	c
2	749	1	a
2	750	1	t
2	751	1	g
2	752	1	c
2	753	1	a
2	754	1	c
2	755	1	g
2	756	1	c$
