I	0	AA	DD
I	1	GG	FF
I	2	CC	??
I	3	TTT	GGG
I	4	CCC	CCC
I	5	TTT	HHH
I	6	C[+m128]C[-m128]C[+m128]	888
I	7	CCC	888
I	8	AAA	...
I	9	GGG	EEE
I	10	AAAA	GGGG
I	11	GGGG	8888
I	12	TTTT	....
I	13	CCCC	7777
I	14	GGGG	@@@@
I	15	N[+n215]N[-n215]N[+n215]N[+n215]	EEEE
I	16	AAAA	9999
I	17	C[+m153]C[-m153]C[+m153]C[+m153+h0]	GGGG
I	18	G[+n240]G[-n240]G[+n240]G[+n240]	8888
I	19	C[+h159]C[-h159]C[+h159]C[+m0+h159]	AAAA
I	20	C[+m179]C[-m179]C[+m179]C[+m179+h0]	????
I	21	AAAA	HHHH
I	22	TTTT	9999
I	23	YYYY	....
I	24	CCCC	::::
I	25	GGGG	CCCC
I	26	CCCC	????
I	27	GGGG	8888
I	28	CCCC	,,,,
I	29	GGGG	@@@@
I	30	CCC	,,,
I	31	C[+m204]C[-m204]C[+m204]	,,,
I	32	AAA	999
I	33	CCC	FFF
I	34	C[+m230+h6]C[-m230-h6]C[+m230+h6]	@@@
I	35	AAA	AAA
