I	0	AA	D~
I	1	GG	F~
I	2	CC	?~
I	3	TT	G~
I	4	CC	C~
I	5	TT	H~
I	6	C[+m128]C[+m77+h159]	8~
I	7	CC	8~
I	8	AA	.~
I	9	GG	E~
I	10	AA	G~
I	11	GG	8~
I	12	TT	.~
I	13	CC	7~
I	14	GG	@~
I	15	NN[+n240]	E~
I	16	AA	9~
I	17	C[+m153]C[+m103+h133]	G~
I	18	GG	8~
I	19	C[+(76792)159]C[+m128+h108]	A~
I	20	C[+m179]C[+m154+h82]	?~
I	21	AA	H~
I	22	TT	9~
I	23	YY	.~
I	24	CC	:~
I	25	GG	C~
I	26	CC	?~
I	27	GG	8~
I	28	CC	,~
I	29	GG	@~
I	30	CC	,~
I	31	C[+m204]C[+m179+h57]	,~
I	32	AA	9~
I	33	CC	F~
I	34	C[+m230+(76792)6]C[+m204+h31]	@~
I	35	AA	A~
