@SQ	SN:CHROMOSOME_I	LN:1009800
@SQ	SN:CHROMOSOME_II	LN:5000
@SQ	SN:CHROMOSOME_III	LN:5000
@SQ	SN:CHROMOSOME_IV	LN:5000
@SQ	SN:CHROMOSOME_V	LN:5000
II.14978392	16	CHROMOSOME_II	2	1	27M1D73M	*	0	0	CCTAGCCCTAACCCTAACCCTAACCCTAGCCTAAGCCTAAGCCTAAGCCTAAGCCTAAGCCTAAGCCTAAGCCTAAGCCTAAGCCTAAGCCTAAGCCTAA	#############################@B?8B?BA@@DDBCDDCBC@CDCDCCCCCCCCCCCCCCCCCCCCCCCCCCCCCCCCCCCCCCCCCCCCCCC	XG:i:1	XM:i:5	XN:i:0	XO:i:1	XS:i:-18	AS:i:-18	YT:Z:UU
