@SQ	SN:CHROMOSOME_I	LN:1009800
@SQ	SN:CHROMOSOME_II	LN:5000
@SQ	SN:CHROMOSOME_III	LN:5000
@SQ	SN:CHROMOSOME_IV	LN:5000
@SQ	SN:CHROMOSOME_V	LN:5000
SRR065390.14978392	16	CHROMOSOME_I	2	1	27M1D73M	*	0	0	CCTAGCCCTAACCCTAACCCTAACCCTAGCCTAAGCCTAAGCCTAAGCCTAAGCCTAAGCCTAAGCCTAAGCCTAAGCCTAAGCCTAAGCCTAAGCCTAA	#############################@B?8B?BA@@DDBCDDCBC@CDCDCCCCCCCCCCCCCCCCCCCCCCCCCCCCCCCCCCCCCCCCCCCCCCC	AS:i:-18	XS:i:-18	XN:i:0	XM:i:5	XO:i:1	XG:i:1	YT:Z:UU	MD:Z:4A0G5G5G5G3^A73	NM:i:6
SRR065390.32874267	0	CHROMOSOME_I	75	1	13M1D87M	*	0	0	CTAAGCCTAAGCCAAGCCTAAGCCTAAGCCTAAGCCTAAGCCTAAGCCTAAGCCTAAGCCTAAGCCTAAGCCTAAGCCTAAGCCTAAGCCTAAGCCTAAG	DCCCCCCCCCCCCCCCCCCCCCCCBCCCCCCCCCCCCCCCCCCCC@CCCCCCCCCCCCC<CCC@@B<BC@B7>CA>/=;=9>:/5AA#############	AS:i:-8	XS:i:-8	XN:i:0	XM:i:0	XO:i:1	XG:i:1	YT:Z:UU	MD:Z:13^T87	NM:i:1
SRR065390.723611	0	CHROMOSOME_I	155	1	5M1D95M	*	0	0	AAGCCAAGCCTAAGCCTAAGCCTAAGCCTAAGCCTAAGCCTAAGCCTAAGCCTAAGCCTAAGCCTAAGCCTAAGCCTAAGCCTAAGCCTAAGCCTAAGCC	CCCCCCCCCCCCCCCCCCCCCCCCCCCCCCCCCCCCCDCCCCCCCCCCCDCCBCABCDADBACD<AD>DDBABBDB?AB@@<>;B>B<?>?DB?=@@?@:	AS:i:-8	XS:i:-8	XN:i:0	XM:i:0	XO:i:1	XG:i:1	YT:Z:UU	MD:Z:5^T95	NM:i:1
