@SQ	SN:CHROMOSOME_I	LN:1009800
@SQ	SN:CHROMOSOME_II	LN:5000
@SQ	SN:CHROMOSOME_III	LN:5000
@SQ	SN:CHROMOSOME_IV	LN:5000
@SQ	SN:CHROMOSOME_V	LN:5000
SRR065390.14978392	16	CHROMOSOME_I	2	1	27M1D73M	*	0	0	CCTAGCCCTAACCCTAACCCTAACCCTAGCCTAAGCCTAAGCCTAAGCCTAAGCCTAAGCCTAAGCCTAAGCCTAAGCCTAAGCCTAAGCCTAAGCCTAA	#############################@B?8B?BA@@DDBCDDCBC@CDCDCCCCCCCCCCCCCCCCCCCCCCCCCCCCCCCCCCCCCCCCCCCCCCC	AS:i:-18	XS:i:-18	XN:i:0	XM:i:5	XO:i:1	XG:i:1	YT:Z:UU	MD:Z:4A0G5G5G5G3^A73	NM:i:6
