@SQ	SN:CHROMOSOME_I	LN:1009800
@SQ	SN:CHROMOSOME_II	LN:5000
@SQ	SN:CHROMOSOME_III	LN:5000
@SQ	SN:CHROMOSOME_IV	LN:5000
@SQ	SN:CHROMOSOME_V	LN:5000
SRR065390.9154510	16	CHROMOSOME_I	56	0	100M	*	0	0	TTCATATGGGCAGGGAAGCCTAAGCCTAAGCCTAAGCCTAAGCCTAAGCCTAAGCCTAAGCCTAAGCCTAAGCCTAAGCCTAAGCCTAAGCCTAAGCCTA	##############################@B;@?>>B1?BCBBC@>CDB>B@CA@CCAC=AA>>AC;CCACCCCCCC=CCCCCCCCCCCCBCCCCCCCC	AS:i:-28	XS:i:-28	XN:i:0	XM:i:14	XO:i:0	XG:i:0	YT:Z:UU	MD:Z:0C0C0T1A0G0C0C0T0A0A0G0C0C0T85	NM:i:14
